
xv6 kernel is booting

hart 2 starting
hart 1 starting
init: starting sh
$ usertests -q
usertests starting
test copyin: OK
test copyout: OK
test copyinstr1: OK
test copyinstr2: OK
test copyinstr3: OK
test rwsbrk: OK
test truncate1: OK
test truncate2: OK
test truncate3: OK
test openiput: OK
test exitiput: OK
test iput: OK
test opentest: OK
test writetest: OK
test writebig: OK
test createtest: OK
test dirtest: OK
test exectest: OK
test pipe1: OK
test killstatus: OK
test preempt: kill... wait... OK
test exitwait: OK
test reparent: OK
test twochildren: OK
test forkfork: OK
test forkforkfork: OK
test reparent2: OK
test mem: OK
test sharedfd: OK
test fourfiles: OK
test createdelete: OK
test unlinkread: OK
test linktest: OK
test concreate: OK
test linkunlink: OK
test subdir: OK
test bigwrite: OK
test bigfile: OK
test fourteen: OK
test rmdot: OK
test dirfile: OK
test iref: OK
test forktest: OK
test sbrkbasic: OK
test sbrkmuch: OK
test kernmem: usertrap(): unexpected scause 0xd pid=5997
            sepc=0x1bfc stval=0x80000000
usertrap(): unexpected scause 0xd pid=5998
            sepc=0x1bfc stval=0x8000c350
usertrap(): unexpected scause 0xd pid=5999
            sepc=0x1bfc stval=0x800186a0
usertrap(): unexpected scause 0xd pid=6000
            sepc=0x1bfc stval=0x800249f0
usertrap(): unexpected scause 0xd pid=6001
            sepc=0x1bfc stval=0x80030d40
usertrap(): unexpected scause 0xd pid=6002
            sepc=0x1bfc stval=0x8003d090
usertrap(): unexpected scause 0xd pid=6003
            sepc=0x1bfc stval=0x800493e0
usertrap(): unexpected scause 0xd pid=6004
            sepc=0x1bfc stval=0x80055730
usertrap(): unexpected scause 0xd pid=6005
            sepc=0x1bfc stval=0x80061a80
usertrap(): unexpected scause 0xd pid=6006
            sepc=0x1bfc stval=0x8006ddd0
usertrap(): unexpected scause 0xd pid=6007
            sepc=0x1bfc stval=0x8007a120
usertrap(): unexpected scause 0xd pid=6008
            sepc=0x1bfc stval=0x80086470
usertrap(): unexpected scause 0xd pid=6009
            sepc=0x1bfc stval=0x800927c0
usertrap(): unexpected scause 0xd pid=6010
            sepc=0x1bfc stval=0x8009eb10
usertrap(): unexpected scause 0xd pid=6011
            sepc=0x1bfc stval=0x800aae60
usertrap(): unexpected scause 0xd pid=6012
            sepc=0x1bfc stval=0x800b71b0
usertrap(): unexpected scause 0xd pid=6013
            sepc=0x1bfc stval=0x800c3500
usertrap(): unexpected scause 0xd pid=6014
            sepc=0x1bfc stval=0x800cf850
usertrap(): unexpected scause 0xd pid=6015
            sepc=0x1bfc stval=0x800dbba0
usertrap(): unexpected scause 0xd pid=6016
            sepc=0x1bfc stval=0x800e7ef0
usertrap(): unexpected scause 0xd pid=6017
            sepc=0x1bfc stval=0x800f4240
usertrap(): unexpected scause 0xd pid=6018
            sepc=0x1bfc stval=0x80100590
usertrap(): unexpected scause 0xd pid=6019
            sepc=0x1bfc stval=0x8010c8e0
usertrap(): unexpected scause 0xd pid=6020
            sepc=0x1bfc stval=0x80118c30
usertrap(): unexpected scause 0xd pid=6021
            sepc=0x1bfc stval=0x80124f80
usertrap(): unexpected scause 0xd pid=6022
            sepc=0x1bfc stval=0x801312d0
usertrap(): unexpected scause 0xd pid=6023
            sepc=0x1bfc stval=0x8013d620
usertrap(): unexpected scause 0xd pid=6024
            sepc=0x1bfc stval=0x80149970
usertrap(): unexpected scause 0xd pid=6025
            sepc=0x1bfc stval=0x80155cc0
usertrap(): unexpected scause 0xd pid=6026
            sepc=0x1bfc stval=0x80162010
usertrap(): unexpected scause 0xd pid=6027
            sepc=0x1bfc stval=0x8016e360
usertrap(): unexpected scause 0xd pid=6028
            sepc=0x1bfc stval=0x8017a6b0
usertrap(): unexpected scause 0xd pid=6029
            sepc=0x1bfc stval=0x80186a00
usertrap(): unexpected scause 0xd pid=6030
            sepc=0x1bfc stval=0x80192d50
usertrap(): unexpected scause 0xd pid=6031
            sepc=0x1bfc stval=0x8019f0a0
usertrap(): unexpected scause 0xd pid=6032
            sepc=0x1bfc stval=0x801ab3f0
usertrap(): unexpected scause 0xd pid=6033
            sepc=0x1bfc stval=0x801b7740
usertrap(): unexpected scause 0xd pid=6034
            sepc=0x1bfc stval=0x801c3a90
usertrap(): unexpected scause 0xd pid=6035
            sepc=0x1bfc stval=0x801cfde0
usertrap(): unexpected scause 0xd pid=6036
            sepc=0x1bfc stval=0x801dc130
OK
test MAXVAplus: usertrap(): unexpected scause 0xf pid=6038
            sepc=0x1c8c stval=0x4000000000
usertrap(): unexpected scause 0xf pid=6039
            sepc=0x1c8c stval=0x8000000000
usertrap(): unexpected scause 0xf pid=6040
            sepc=0x1c8c stval=0x10000000000
usertrap(): unexpected scause 0xf pid=6041
            sepc=0x1c8c stval=0x20000000000
usertrap(): unexpected scause 0xf pid=6042
            sepc=0x1c8c stval=0x40000000000
usertrap(): unexpected scause 0xf pid=6043
            sepc=0x1c8c stval=0x80000000000
usertrap(): unexpected scause 0xf pid=6044
            sepc=0x1c8c stval=0x100000000000
usertrap(): unexpected scause 0xf pid=6045
            sepc=0x1c8c stval=0x200000000000
usertrap(): unexpected scause 0xf pid=6046
            sepc=0x1c8c stval=0x400000000000
usertrap(): unexpected scause 0xf pid=6047
            sepc=0x1c8c stval=0x800000000000
usertrap(): unexpected scause 0xf pid=6048
            sepc=0x1c8c stval=0x1000000000000
usertrap(): unexpected scause 0xf pid=6049
            sepc=0x1c8c stval=0x2000000000000
usertrap(): unexpected scause 0xf pid=6050
            sepc=0x1c8c stval=0x4000000000000
usertrap(): unexpected scause 0xf pid=6051
            sepc=0x1c8c stval=0x8000000000000
usertrap(): unexpected scause 0xf pid=6052
            sepc=0x1c8c stval=0x10000000000000
usertrap(): unexpected scause 0xf pid=6053
            sepc=0x1c8c stval=0x20000000000000
usertrap(): unexpected scause 0xf pid=6054
            sepc=0x1c8c stval=0x40000000000000
usertrap(): unexpected scause 0xf pid=6055
            sepc=0x1c8c stval=0x80000000000000
usertrap(): unexpected scause 0xf pid=6056
            sepc=0x1c8c stval=0x100000000000000
usertrap(): unexpected scause 0xf pid=6057
            sepc=0x1c8c stval=0x200000000000000
usertrap(): unexpected scause 0xf pid=6058
            sepc=0x1c8c stval=0x400000000000000
usertrap(): unexpected scause 0xf pid=6059
            sepc=0x1c8c stval=0x800000000000000
usertrap(): unexpected scause 0xf pid=6060
            sepc=0x1c8c stval=0x1000000000000000
usertrap(): unexpected scause 0xf pid=6061
            sepc=0x1c8c stval=0x2000000000000000
usertrap(): unexpected scause 0xf pid=6062
            sepc=0x1c8c stval=0x4000000000000000
usertrap(): unexpected scause 0xf pid=6063
            sepc=0x1c8c stval=0x8000000000000000
OK
test sbrkfail: OK
test sbrkarg: OK
test validatetest: OK
test bsstest: OK
test bigargtest: OK
test argptest: OK
test stacktest: usertrap(): unexpected scause 0xd pid=6083
            sepc=0x1ce0 stval=0x10e80
OK
test nowrite: usertrap(): unexpected scause 0xf pid=6085
            sepc=0x1d86 stval=0x0
usertrap(): unexpected scause 0xf pid=6086
            sepc=0x1d86 stval=0x80000000
usertrap(): unexpected scause 0xf pid=6087
            sepc=0x1d86 stval=0x3fffffe000
usertrap(): unexpected scause 0xf pid=6088
            sepc=0x1d86 stval=0x3ffffff000
usertrap(): unexpected scause 0xf pid=6089
            sepc=0x1d86 stval=0x4000000000
usertrap(): unexpected scause 0xf pid=6090
            sepc=0x1d86 stval=0xffffffffffffffff
OK
test pgbug: OK
test sbrkbugs: usertrap(): unexpected scause 0xc pid=6093
            sepc=0x4d30 stval=0x4d30
usertrap(): unexpected scause 0xc pid=6094
            sepc=0x4d30 stval=0x4d30
usertrap(): unexpected scause 0xd pid=6095
            sepc=0x4c66 stval=0x11e98
OK
test sbrklast: OK
test sbrk8000: OK
test badarg: OK
test lazy_alloc: OK
test lazy_unmap: usertrap(): unexpected scause 0xf pid=6101
            sepc=0x4442 stval=0x13000
usertrap(): unexpected scause 0xf pid=6102
            sepc=0x4442 stval=0x1013000
usertrap(): unexpected scause 0xf pid=6103
            sepc=0x4442 stval=0x2013000
usertrap(): unexpected scause 0xf pid=6104
            sepc=0x4442 stval=0x3013000
usertrap(): unexpected scause 0xf pid=6105
            sepc=0x4442 stval=0x4013000
usertrap(): unexpected scause 0xf pid=6106
            sepc=0x4442 stval=0x5013000
usertrap(): unexpected scause 0xf pid=6107
            sepc=0x4442 stval=0x6013000
usertrap(): unexpected scause 0xf pid=6108
            sepc=0x4442 stval=0x7013000
usertrap(): unexpected scause 0xf pid=6109
            sepc=0x4442 stval=0x8013000
usertrap(): unexpected scause 0xf pid=6110
            sepc=0x4442 stval=0x9013000
usertrap(): unexpected scause 0xf pid=6111
            sepc=0x4442 stval=0xa013000
usertrap(): unexpected scause 0xf pid=6112
            sepc=0x4442 stval=0xb013000
usertrap(): unexpected scause 0xf pid=6113
            sepc=0x4442 stval=0xc013000
usertrap(): unexpected scause 0xf pid=6114
            sepc=0x4442 stval=0xd013000
usertrap(): unexpected scause 0xf pid=6115
            sepc=0x4442 stval=0xe013000
usertrap(): unexpected scause 0xf pid=6116
            sepc=0x4442 stval=0xf013000
usertrap(): unexpected scause 0xf pid=6117
            sepc=0x4442 stval=0x10013000
usertrap(): unexpected scause 0xf pid=6118
            sepc=0x4442 stval=0x11013000
usertrap(): unexpected scause 0xf pid=6119
            sepc=0x4442 stval=0x12013000
usertrap(): unexpected scause 0xf pid=6120
            sepc=0x4442 stval=0x13013000
usertrap(): unexpected scause 0xf pid=6121
            sepc=0x4442 stval=0x14013000
usertrap(): unexpected scause 0xf pid=6122
            sepc=0x4442 stval=0x15013000
usertrap(): unexpected scause 0xf pid=6123
            sepc=0x4442 stval=0x16013000
usertrap(): unexpected scause 0xf pid=6124
            sepc=0x4442 stval=0x17013000
usertrap(): unexpected scause 0xf pid=6125
            sepc=0x4442 stval=0x18013000
usertrap(): unexpected scause 0xf pid=6126
            sepc=0x4442 stval=0x19013000
usertrap(): unexpected scause 0xf pid=6127
            sepc=0x4442 stval=0x1a013000
usertrap(): unexpected scause 0xf pid=6128
            sepc=0x4442 stval=0x1b013000
usertrap(): unexpected scause 0xf pid=6129
            sepc=0x4442 stval=0x1c013000
usertrap(): unexpected scause 0xf pid=6130
            sepc=0x4442 stval=0x1d013000
usertrap(): unexpected scause 0xf pid=6131
            sepc=0x4442 stval=0x1e013000
usertrap(): unexpected scause 0xf pid=6132
            sepc=0x4442 stval=0x1f013000
usertrap(): unexpected scause 0xf pid=6133
            sepc=0x4442 stval=0x20013000
usertrap(): unexpected scause 0xf pid=6134
            sepc=0x4442 stval=0x21013000
usertrap(): unexpected scause 0xf pid=6135
            sepc=0x4442 stval=0x22013000
usertrap(): unexpected scause 0xf pid=6136
            sepc=0x4442 stval=0x23013000
usertrap(): unexpected scause 0xf pid=6137
            sepc=0x4442 stval=0x24013000
usertrap(): unexpected scause 0xf pid=6138
            sepc=0x4442 stval=0x25013000
usertrap(): unexpected scause 0xf pid=6139
            sepc=0x4442 stval=0x26013000
usertrap(): unexpected scause 0xf pid=6140
            sepc=0x4442 stval=0x27013000
usertrap(): unexpected scause 0xf pid=6141
            sepc=0x4442 stval=0x28013000
usertrap(): unexpected scause 0xf pid=6142
            sepc=0x4442 stval=0x29013000
usertrap(): unexpected scause 0xf pid=6143
            sepc=0x4442 stval=0x2a013000
usertrap(): unexpected scause 0xf pid=6144
            sepc=0x4442 stval=0x2b013000
usertrap(): unexpected scause 0xf pid=6145
            sepc=0x4442 stval=0x2c013000
usertrap(): unexpected scause 0xf pid=6146
            sepc=0x4442 stval=0x2d013000
usertrap(): unexpected scause 0xf pid=6147
            sepc=0x4442 stval=0x2e013000
usertrap(): unexpected scause 0xf pid=6148
            sepc=0x4442 stval=0x2f013000
usertrap(): unexpected scause 0xf pid=6149
            sepc=0x4442 stval=0x30013000
usertrap(): unexpected scause 0xf pid=6150
            sepc=0x4442 stval=0x31013000
usertrap(): unexpected scause 0xf pid=6151
            sepc=0x4442 stval=0x32013000
usertrap(): unexpected scause 0xf pid=6152
            sepc=0x4442 stval=0x33013000
usertrap(): unexpected scause 0xf pid=6153
            sepc=0x4442 stval=0x34013000
usertrap(): unexpected scause 0xf pid=6154
            sepc=0x4442 stval=0x35013000
usertrap(): unexpected scause 0xf pid=6155
            sepc=0x4442 stval=0x36013000
usertrap(): unexpected scause 0xf pid=6156
            sepc=0x4442 stval=0x37013000
usertrap(): unexpected scause 0xf pid=6157
            sepc=0x4442 stval=0x38013000
usertrap(): unexpected scause 0xf pid=6158
            sepc=0x4442 stval=0x39013000
usertrap(): unexpected scause 0xf pid=6159
            sepc=0x4442 stval=0x3a013000
usertrap(): unexpected scause 0xf pid=6160
            sepc=0x4442 stval=0x3b013000
usertrap(): unexpected scause 0xf pid=6161
            sepc=0x4442 stval=0x3c013000
usertrap(): unexpected scause 0xf pid=6162
            sepc=0x4442 stval=0x3d013000
usertrap(): unexpected scause 0xf pid=6163
            sepc=0x4442 stval=0x3e013000
usertrap(): unexpected scause 0xf pid=6164
            sepc=0x4442 stval=0x3f013000
OK
test lazy_copy: OK
ALL TESTS PASSED
$ qemu-system-riscv64: terminating on signal 15 from pid 21887 (make)
